[Migration] customerId reconciliado em customer_loans
[Migration] customerId reconciliado em amortization_loans
[Migration] customerId reconciliado em tranzactions
[Migration] customerId reconciliado em customer_documents
[Migration] customerId reconciliado em debts
[Migration] customerId reconciliado em whatsapp_messages
[Migration] customerId reconciliado em sms_queue
[Migration] amortization_loans.dueDate convertido para DATE
[Migration] tranzactions.paymentDate convertido para DATE
[Migration] 2 aplicadas, 177 já existentes, 0 erros.
MBR Server is running on PORT 4000
[SMS] Fila de SMS activa (BulkSMM) — a cada 60s
[SMS] Alertas automáticos activos — 30s após arranque e de 6 em 6h
[SMS Cobranca] Job diário activo — 07:00 e catch-up no arranque
[Jobs] Late accrual de mora agendado (janela 00:05, catch-up horário)
[ReciboJob] Nenhum recibo antigo a regenerar.
[SMS] Alertas automáticos enfileirados para 3 empresa(s)
[Concessao] Backfill: 0 pacote(s) gerado(s)
[0mGET /api/sms-gateway/summary?companyId=36 [32m200[0m 101.648 ms - 216[0m
[0mGET /api/cash-registers/portal-alert [36m304[0m 8.290 ms - -[0m
[SMS Cobranca] Job diario: 0 enfileirado(s), 0 ignorado(s) em 3 empresa(s)
[0mPOST /api/login [32m200[0m 176.830 ms - 537[0m
[0mGET /api/loans/76/concession/plano/pdf [32m200[0m 165.077 ms - 28077[0m
[0mGET /api/loans/76/concession/termo/pdf [32m200[0m 230.086 ms - 26467[0m
[0mGET /api/loans/76/concession/contrato/pdf [32m200[0m 168.773 ms - 44436[0m
[0mGET /api/loans/76/concession/garantias/pdf [32m200[0m 119.736 ms - 26777[0m
[0mGET /api/loans/76/documents/extracto/pdf [32m200[0m 427.369 ms - 28077[0m
[0mGET /api/sms-gateway/summary?companyId=36 [36m304[0m 42.429 ms - -[0m
[0mGET /api/cash-registers/portal-alert [36m304[0m 5.684 ms - -[0m
[0mGET /api/sms-gateway/summary?companyId=36 [36m304[0m 76.023 ms - -[0m
[0mGET /api/cash-registers/portal-alert [36m304[0m 16.309 ms - -[0m
[0mGET /api/loan/amortization/76/0.1 [32m200[0m 10.364 ms - 544[0m
[0mGET /api/sms-gateway/summary?companyId=36 [36m304[0m 8.891 ms - -[0m
[0mGET /api/cash-registers/portal-alert [36m304[0m 8.006 ms - -[0m
[0mPOST /api/logs [32m200[0m 441.090 ms - 51[0m
[0mGET /mutuarios/108 [32m200[0m 10.815 ms - 603[0m
[0mPOST /api/login [32m200[0m 171.371 ms - 537[0m
[0mGET /api/company/36 [36m304[0m 26.709 ms - -[0m
[0mPOST /api/logs [32m200[0m 158.668 ms - 51[0m
[0mGET /api/company/36 [36m304[0m 12.801 ms - -[0m
[0mGET /api/customer/108 [36m304[0m 16.329 ms - -[0m
[0mGET /api/loan/findAllLoans/all/36 [32m200[0m 9.132 ms - 11172[0m
[0mGET /api/sms-gateway/summary?companyId=36 [36m304[0m 86.647 ms - -[0m
[0mGET /api/cash-registers/portal-alert [36m304[0m 55.321 ms - -[0m
[0mGET /api/document/checklist/108?companyId=36 [36m304[0m 177.407 ms - -[0m
[0mGET /api/loans/overview/36 [32m200[0m 284.915 ms - 21929[0m
[0mGET /api/company/36 [36m304[0m 27.052 ms - -[0m
[0mGET /api/loan/findAllLoans/all/36 [36m304[0m 5.212 ms - -[0m
[0mGET /api/customer/108 [36m304[0m 4.220 ms - -[0m
[0mGET /api/getLoanGuarantees/76 [32m200[0m 23.057 ms - 62[0m
[0mGET /api/accounts/36 [32m200[0m 46.078 ms - 1960[0m
[0mGET /api/loan/amortization/76/1 [32m200[0m 37.206 ms - 544[0m
[0mGET /api/loans/76/concession [32m200[0m 49.641 ms - 837[0m
[0mGET /api/sms-gateway/summary?companyId=36 [36m304[0m 23.183 ms - -[0m
[0mGET /api/cash-registers/portal-alert [36m304[0m 4.572 ms - -[0m
[0mGET /api/sms-gateway/summary?companyId=36 [36m304[0m 23.082 ms - -[0m
[0mGET /api/cash-registers/portal-alert [36m304[0m 263.482 ms - -[0m
[0mGET /api/sms-gateway/summary?companyId=36 [36m304[0m 24.927 ms - -[0m
[0mGET /api/cash-registers/portal-alert [36m304[0m 3.584 ms - -[0m
[0mGET /api/sms-gateway/summary?companyId=36 [36m304[0m 35.360 ms - -[0m
[0mGET /api/cash-registers/portal-alert [36m304[0m 6.267 ms - -[0m
[0mPOST /api/auth/refresh [32m200[0m 0.829 ms - 167[0m
[0mGET /api/sms-gateway/summary?companyId=36 [36m304[0m 11.032 ms - -[0m
[0mGET /api/cash-registers/portal-alert [36m304[0m 4.071 ms - -[0m
[0mGET /api/sms-gateway/summary?companyId=36 [36m304[0m 30.725 ms - -[0m
[0mGET /api/cash-registers/portal-alert [36m304[0m 82.013 ms - -[0m
[0mGET /api/sms-gateway/summary?companyId=36 [36m304[0m 11.229 ms - -[0m
[0mGET /api/cash-registers/portal-alert [36m304[0m 64.258 ms - -[0m
[0mGET /api/sms-gateway/summary?companyId=36 [36m304[0m 54.088 ms - -[0m
[0mGET /api/cash-registers/portal-alert [36m304[0m 5.573 ms - -[0m
[0mGET /api/sms-gateway/summary?companyId=36 [36m304[0m 18.913 ms - -[0m
[0mGET /api/cash-registers/portal-alert [36m304[0m 78.712 ms - -[0m
[0mGET /api/sms-gateway/summary?companyId=36 [36m304[0m 44.687 ms - -[0m
[0mGET /api/cash-registers/portal-alert [36m304[0m 16.674 ms - -[0m
[0mGET /api/customer/108 [33m401[0m 0.478 ms - 48[0m
[0mPOST /api/logs [32m200[0m 100.045 ms - 51[0m
[0mPOST /api/login [32m200[0m 171.588 ms - 537[0m
[0mGET /api/company/36 [36m304[0m 34.827 ms - -[0m
[0mPOST /api/logs [32m200[0m 146.277 ms - 51[0m
[0mGET /api/sms-gateway/summary?companyId=36 [36m304[0m 105.283 ms - -[0m
[0mGET /api/wallets/36/dashboard?months=12 [32m200[0m 154.876 ms - 12683[0m
[0mGET /api/wallets/36/dashboard?months=12 [36m304[0m 217.924 ms - -[0m
[0mGET /api/wallets/36 [36m304[0m 170.460 ms - -[0m
[0mGET /api/cash-registers/portal-alert [36m304[0m 5.231 ms - -[0m
[0mGET /api/dashboard/36 [32m200[0m 75.801 ms - 3056[0m
[0mGET /api/dashboard/36?from=2026-10-01&to=2026-10-31 [32m200[0m 15.344 ms - 1077[0m
[0mGET /api/installments/control/36 [32m200[0m 181.302 ms - 34541[0m
[0mGET /api/company/36 [36m304[0m 4.574 ms - -[0m
[0mGET /api/customer/105 [32m200[0m 5.340 ms - 1107[0m
[0mGET /api/loan/findAllLoans/all/36 [32m200[0m 6.823 ms - 11172[0m
[0mGET /api/document/checklist/105?companyId=36 [36m304[0m 40.012 ms - -[0m
[0mGET /api/loans/overview/36 [32m200[0m 27.012 ms - 21929[0m
[0mGET /api/loan/amortization/66/1 [32m200[0m 57.834 ms - 8376[0m
[0mGET /api/sms-gateway/summary?companyId=36 [36m304[0m 23.455 ms - -[0m
[0mGET /api/cash-registers/portal-alert [36m304[0m 16.066 ms - -[0m
[0mGET /api/bank-accounts/reembolso?companyId=36 [36m304[0m 29.564 ms - -[0m
[0mGET /api/installments/851/quote?payDate=2026-10-01 [36m304[0m 126.324 ms - -[0m
[0mGET /api/sms-gateway/summary?companyId=36 [36m304[0m 42.883 ms - -[0m
[0mGET /api/cash-registers/portal-alert [36m304[0m 19.282 ms - -[0m
[0mGET /api/sms-gateway/summary?companyId=36 [36m304[0m 36.862 ms - -[0m
[0mGET /api/cash-registers/portal-alert [36m304[0m 5.069 ms - -[0m
[0mGET /api/sms-gateway/summary?companyId=36 [36m304[0m 57.669 ms - -[0m
[0mGET /api/cash-registers/portal-alert [36m304[0m 4.226 ms - -[0m
[0mPOST /api/auth/refresh [32m200[0m 1.905 ms - 167[0m
[0mGET /api/sms-gateway/summary?companyId=36 [36m304[0m 47.687 ms - -[0m
[0mGET /api/cash-registers/portal-alert [36m304[0m 6.380 ms - -[0m
[0mGET /api/sms-gateway/summary?companyId=36 [36m304[0m 44.217 ms - -[0m
[0mGET /api/cash-registers/portal-alert [36m304[0m 11.963 ms - -[0m
[0mGET /api/sms-gateway/summary?companyId=36 [36m304[0m 45.383 ms - -[0m
[0mGET /api/cash-registers/portal-alert [36m304[0m 7.993 ms - -[0m
[0mGET /api/sms-gateway/summary?companyId=36 [36m304[0m 23.597 ms - -[0m
[0mGET /api/cash-registers/portal-alert [36m304[0m 30.305 ms - -[0m
[0mGET /api/company/36 [36m304[0m 2.878 ms - -[0m
[0mGET /api/loan/findAllLoans/all/36 [36m304[0m 6.505 ms - -[0m
[0mGET /api/customer/105 [36m304[0m 18.917 ms - -[0m
[0mGET /api/getLoanGuarantees/66 [36m304[0m 39.445 ms - -[0m
[0mGET /api/accounts/36 [32m200[0m 27.364 ms - 1960[0m
[0mGET /api/loan/amortization/66/1 [36m304[0m 12.640 ms - -[0m
[0mGET /api/loans/66/concession [36m304[0m 50.935 ms - -[0m
[0mGET /api/sms-gateway/summary?companyId=36 [36m304[0m 20.852 ms - -[0m
[0mGET /api/cash-registers/portal-alert [36m304[0m 8.279 ms - -[0m
[0mPOST /api/auth/refresh [32m200[0m 0.752 ms - 167[0m
[0mGET /api/sms-gateway/summary?companyId=36 [36m304[0m 21.409 ms - -[0m
[0mGET /api/cash-registers/portal-alert [36m304[0m 6.436 ms - -[0m
[0mGET /api/customers/36/stats [36m304[0m 8.775 ms - -[0m
[0mGET /api/customers/36?page=1&limit=15&search=&bairro= [36m304[0m 31.726 ms - -[0m
[0mGET /api/loans/overview/36 [32m200[0m 52.161 ms - 21929[0m
[0mGET /api/usersAll/36 [36m304[0m 46.584 ms - -[0m
[0mGET /api/company/36 [36m304[0m 2.492 ms - -[0m
[0mGET /api/customer/104 [36m304[0m 1.977 ms - -[0m
[0mGET /api/loan/findAllLoans/all/36 [36m304[0m 3.814 ms - -[0m
[0mGET /api/loans/overview/36 [36m304[0m 21.697 ms - -[0m
[0mGET /api/document/checklist/104?companyId=36 [32m200[0m 41.858 ms - 1381[0m
[0mGET /api/rate/36 [36m304[0m 45.278 ms - -[0m
[0mGET /api/usersAll/36 [36m304[0m 13.764 ms - -[0m
[0mGET /api/wallets/36?onlyActive=true [32m200[0m 50.105 ms - 10107[0m
[0mGET /api/bank-accounts?is_active=1&purpose=DESEMBOLSO [32m200[0m 50.727 ms - 489[0m
[0mGET /api/rate/36 [36m304[0m 66.781 ms - -[0m
[0mGET /api/bank-accounts?is_active=1 [32m200[0m 70.683 ms - 1884[0m
[0mGET /api/document/104 [32m200[0m 42.944 ms - 884[0m
[0mGET /api/bank-accounts?is_active=1&purpose=DESEMBOLSO [36m304[0m 9.653 ms - -[0m
[0mGET /api/bank-accounts?is_active=1 [36m304[0m 10.828 ms - -[0m
[0mGET /api/document/104 [36m304[0m 14.636 ms - -[0m
[0mGET /api/wallets/36?onlyActive=true [36m304[0m 88.874 ms - -[0m
[0mGET /api/sms-gateway/summary?companyId=36 [36m304[0m 19.768 ms - -[0m
[0mGET /api/cash-registers/portal-alert [36m304[0m 5.624 ms - -[0m
[0mGET /api/usersAll/36 [36m304[0m 42.071 ms - -[0m
[0mGET /api/loans/overview/36 [36m304[0m 55.975 ms - -[0m
[0mGET /api/loan/amortization/74 [36m304[0m 15.824 ms - -[0m
[0mGET /api/loan/74/detail [36m304[0m 76.182 ms - -[0m
[0mGET /api/usersAll/36 [36m304[0m 3.947 ms - -[0m
[0mGET /api/loans/overview/36 [36m304[0m 34.264 ms - -[0m
[0mGET /api/customers/36?page=1&limit=15&search=&bairro= [36m304[0m 9.347 ms - -[0m
[0mGET /api/customers/36/stats [36m304[0m 17.454 ms - -[0m
[0mGET /api/installments/control/36 [36m304[0m 47.257 ms - -[0m
[0mGET /api/customers/36?page=1&limit=15&search=&bairro= [36m304[0m 5.789 ms - -[0m
[0mGET /api/customers/36/stats [36m304[0m 3.750 ms - -[0m
[0mGET /api/payments/36/all [32m200[0m 52.072 ms - 2043[0m
[0mPOST /api/recibos/lookup [32m200[0m 9.745 ms - 477[0m
[0mPOST /api/recibos/gerar/271 [32m201[0m 15.401 ms - 1354[0m
[0mGET /api/recibos/99/pdf [36m304[0m 36.754 ms - -[0m
[0mGET /api/recibos/99/pdf [36m304[0m 33.621 ms - -[0m
[0mGET /api/sms-gateway/summary?companyId=36 [36m304[0m 7.831 ms - -[0m
[0mGET /api/cash-registers/portal-alert [36m304[0m 20.476 ms - -[0m
[0mGET /api/recibos/99/pdf [36m304[0m 29.314 ms - -[0m
[0mGET /api/sms-gateway/summary?companyId=36 [36m304[0m 60.630 ms - -[0m
[0mGET /api/cash-registers/portal-alert [36m304[0m 15.572 ms - -[0m
[0mGET /api/sms-gateway/summary?companyId=36 [36m304[0m 26.096 ms - -[0m
[0mGET /api/company/36 [36m304[0m 3.502 ms - -[0m
[0mGET /api/cash-registers/portal-alert [36m304[0m 10.574 ms - -[0m
[0mGET /api/payments/36/all [36m304[0m 10.686 ms - -[0m
[0mPOST /api/recibos/lookup [32m200[0m 31.177 ms - 477[0m
[0mPOST /api/recibos/gerar/271 [32m201[0m 8.578 ms - 1354[0m
[0mGET /api/recibos/99/pdf [32m200[0m 155.144 ms - 51135[0m
[0mGET /api/recibos/99/pdf [36m304[0m 170.374 ms - -[0m
[0mGET /api/customers/36?page=1&limit=15&search=&bairro= [36m304[0m 4.439 ms - -[0m
[0mGET /api/customers/36/stats [36m304[0m 4.534 ms - -[0m
[0mGET /api/company/36 [36m304[0m 4.855 ms - -[0m
[0mGET /api/customer/112 [36m304[0m 2.503 ms - -[0m
[0mGET /api/loan/findAllLoans/all/36 [36m304[0m 2.453 ms - -[0m
[0mGET /api/document/checklist/112?companyId=36 [36m304[0m 41.285 ms - -[0m
[0mGET /api/loans/overview/36 [36m304[0m 95.681 ms - -[0m
[0mGET /api/loan/amortization/77/1 [32m200[0m 14.464 ms - 557[0m
[0mGET /api/tranzactions/230/recibo [32m200[0m 153.822 ms - 1388[0m
[0mGET /api/recibos/68/pdf [32m200[0m 121.141 ms - 50938[0m
[0mGET /api/recibos/68/pdf [32m200[0m 62.214 ms - 50938[0m
[0mGET /api/customers/36?page=1&limit=15&search=&bairro= [36m304[0m 12.562 ms - -[0m
[0mGET /api/customers/36/stats [36m304[0m 53.684 ms - -[0m
[0mGET /api/installments/control/36 [36m304[0m 21.756 ms - -[0m
[0mGET /api/company/36 [36m304[0m 2.389 ms - -[0m
[0mGET /api/customer/102 [36m304[0m 1.938 ms - -[0m
[0mGET /api/loan/findAllLoans/all/36 [36m304[0m 3.866 ms - -[0m
[0mGET /api/document/checklist/102?companyId=36 [36m304[0m 19.381 ms - -[0m
[0mGET /api/loans/overview/36 [36m304[0m 61.382 ms - -[0m
[0mGET /api/loan/amortization/63/1 [32m200[0m 23.720 ms - 8315[0m
[0mGET /api/bank-accounts/reembolso?companyId=36 [36m304[0m 6.888 ms - -[0m
[0mGET /api/installments/833/quote?payDate=2026-10-01 [32m200[0m 58.674 ms - 346[0m
[0mGET /api/sms-gateway/summary?companyId=36 [36m304[0m 27.553 ms - -[0m
[0mGET /api/cash-registers/portal-alert [36m304[0m 5.434 ms - -[0m
[0mGET /api/tranzaction/loan/reference-check?companyId=36&paymentMethod=3&reference=25456 [32m200[0m 3.623 ms - 61[0m
[0mGET /api/tranzaction/loan/reference-check?companyId=36&paymentMethod=3&reference=254561 [32m200[0m 3.534 ms - 63[0m
[0mGET /api/tranzaction/loan/reference-check?companyId=36&paymentMethod=3&reference=2545614 [32m200[0m 2.466 ms - 63[0m
[0mGET /api/tranzaction/loan/reference-check?companyId=36&paymentMethod=3&reference=254561 [36m304[0m 2.448 ms - -[0m
[0mGET /api/tranzaction/loan/reference-check?companyId=36&paymentMethod=3&reference=25456 [36m304[0m 2.807 ms - -[0m
[0mGET /api/tranzaction/loan/reference-check?companyId=36&paymentMethod=3&reference=254561 [36m304[0m 2.889 ms - -[0m
[0mGET /api/tranzaction/loan/reference-check?companyId=36&paymentMethod=3&reference=2545617 [32m200[0m 2.208 ms - 63[0m
[0mGET /api/tranzaction/loan/reference-check?companyId=36&paymentMethod=3&reference=2545617 [36m304[0m 2.211 ms - -[0m
[0mGET /api/tranzaction/loan/reference-check?companyId=36&paymentMethod=3&reference=2545617 [36m304[0m 1.678 ms - -[0m
[TESOURARIA] ENTRADA/REEMBOLSO/BANK 1334.04 MZN — caixa #12 · conta #10
[0mPOST /api/tranzaction [32m201[0m 915.036 ms - 453[0m
[0mGET /api/loan/findAllLoans/all/36 [36m304[0m 8.795 ms - -[0m
[0mGET /api/loan/amortization/63/0.1 [32m200[0m 18.519 ms - 8341[0m
[0mGET /api/loans/overview/36 [32m200[0m 50.173 ms - 21937[0m
[0mGET /api/recibos/184/pdf [32m200[0m 71.230 ms - 31545[0m
[0mGET /api/recibos/184/pdf [32m200[0m 80.581 ms - 31545[0m
[0mGET /api/sms-gateway/summary?companyId=36 [36m304[0m 19.298 ms - -[0m
[0mGET /api/cash-registers/portal-alert [36m304[0m 30.334 ms - -[0m
[0mGET /api/sms-gateway/summary?companyId=36 [36m304[0m 36.984 ms - -[0m
[0mGET /api/cash-registers/portal-alert [36m304[0m 15.255 ms - -[0m
[0mGET /api/sms-gateway/summary?companyId=36 [36m304[0m 14.724 ms - -[0m
[0mGET /api/cash-registers/portal-alert [36m304[0m 9.909 ms - -[0m
[0mGET /api/sms-gateway/summary?companyId=36 [36m304[0m 37.650 ms - -[0m
[0mGET /api/cash-registers/portal-alert [36m304[0m 24.804 ms - -[0m
[0mPOST /api/auth/refresh [32m200[0m 2.485 ms - 167[0m
[0mGET /api/sms-gateway/summary?companyId=36 [36m304[0m 46.460 ms - -[0m
[0mGET /api/cash-registers/portal-alert [36m304[0m 6.672 ms - -[0m
[0mGET /api/sms-gateway/summary?companyId=36 [36m304[0m 12.145 ms - -[0m
[0mGET /api/cash-registers/portal-alert [36m304[0m 30.759 ms - -[0m
[0mGET /api/sms-gateway/summary?companyId=36 [36m304[0m 13.470 ms - -[0m
[0mGET /api/cash-registers/portal-alert [36m304[0m 4.944 ms - -[0m
[0mGET /api/sms-gateway/summary?companyId=36 [36m304[0m 10.881 ms - -[0m
[0mGET /api/cash-registers/portal-alert [36m304[0m 4.844 ms - -[0m
[0mGET /api/sms-gateway/summary?companyId=36 [36m304[0m 24.439 ms - -[0m
[0mGET /api/cash-registers/portal-alert [36m304[0m 48.066 ms - -[0m
[0mGET /api/installments/control/36 [32m200[0m 32.101 ms - 34547[0m
[0mGET /api/sms-gateway/summary?companyId=36 [36m304[0m 22.837 ms - -[0m
[0mGET /api/cash-registers/portal-alert [36m304[0m 6.062 ms - -[0m
[0mGET /api/company/36 [36m304[0m 3.022 ms - -[0m
[0mGET /api/customer/102 [36m304[0m 3.381 ms - -[0m
[0mGET /api/loan/findAllLoans/all/36 [36m304[0m 4.595 ms - -[0m
[0mGET /api/document/checklist/102?companyId=36 [36m304[0m 4.437 ms - -[0m
[0mGET /api/loans/overview/36 [36m304[0m 66.305 ms - -[0m
[0mGET /api/loan/amortization/63/1 [32m200[0m 17.179 ms - 8341[0m
[0mGET /api/getLoanGuarantees/63 [36m304[0m 9.373 ms - -[0m
[0mGET /api/recibos/customer/330?companyId=36 [32m200[0m 15.711 ms - 1290[0m
[0mGET /api/getLoanGuarantees/63 [36m304[0m 4.758 ms - -[0m
[0mGET /api/recibos/184/pdf?download=1 [33m401[0m 0.883 ms - 48[0m
[0mGET /api/sms-gateway/summary?companyId=36 [36m304[0m 31.858 ms - -[0m
[0mGET /api/cash-registers/portal-alert [36m304[0m 7.546 ms - -[0m
[0mGET /api/sms-gateway/summary?companyId=36 [36m304[0m 19.514 ms - -[0m
[0mGET /api/cash-registers/portal-alert [36m304[0m 23.340 ms - -[0m
[0mGET /api/sms-gateway/summary?companyId=36 [36m304[0m 13.178 ms - -[0m
[0mGET /api/cash-registers/portal-alert [36m304[0m 5.899 ms - -[0m
[0mPOST /api/auth/refresh [32m200[0m 0.886 ms - 167[0m
[0mGET /api/sms-gateway/summary?companyId=36 [36m304[0m 49.692 ms - -[0m
[0mGET /api/cash-registers/portal-alert [36m304[0m 3.645 ms - -[0m
[0mGET /api/sms-gateway/summary?companyId=36 [36m304[0m 48.247 ms - -[0m
[0mGET /api/cash-registers/portal-alert [36m304[0m 15.635 ms - -[0m
[0mGET /api/recibos/customer/330?companyId=36 [36m304[0m 14.161 ms - -[0m
[0mGET /api/getLoanGuarantees/63 [36m304[0m 24.122 ms - -[0m
[0mGET /api/getLoanGuarantees/63 [32m200[0m 27.020 ms - 316[0m
[0mGET /api/sms-gateway/summary?companyId=36 [36m304[0m 9.099 ms - -[0m
[0mGET /api/cash-registers/portal-alert [36m304[0m 6.151 ms - -[0m
[0mGET /api/sms-gateway/summary?companyId=36 [36m304[0m 13.758 ms - -[0m
[0mGET /api/cash-registers/portal-alert [36m304[0m 5.626 ms - -[0m
[0mGET /api/sms-gateway/summary?companyId=36 [36m304[0m 27.599 ms - -[0m
[0mGET /api/cash-registers/portal-alert [36m304[0m 6.300 ms - -[0m
[0mPOST /api/auth/refresh [32m200[0m 2.388 ms - 167[0m
[0mGET /api/sms-gateway/summary?companyId=36 [36m304[0m 23.304 ms - -[0m
[0mGET /api/cash-registers/portal-alert [36m304[0m 24.730 ms - -[0m
[0mGET /api/sms-gateway/summary?companyId=36 [36m304[0m 30.377 ms - -[0m
[0mGET /api/cash-registers/portal-alert [36m304[0m 7.457 ms - -[0m
[0mGET /api/sms-gateway/summary?companyId=36 [36m304[0m 10.729 ms - -[0m
[0mGET /api/cash-registers/portal-alert [36m304[0m 3.849 ms - -[0m
[0mGET /api/sms-gateway/summary?companyId=36 [36m304[0m 18.531 ms - -[0m
[0mGET /api/cash-registers/portal-alert [36m304[0m 6.862 ms - -[0m
[0mGET /api/company/36 [36m304[0m 7.697 ms - -[0m
[0mGET /api/sms-gateway/summary?companyId=36 [36m304[0m 20.072 ms - -[0m
[0mGET /api/cash-registers/portal-alert [36m304[0m 6.410 ms - -[0m
[0mGET /api/company/36 [36m304[0m 3.273 ms - -[0m
[0mGET /api/customer/102 [36m304[0m 2.836 ms - -[0m
[0mGET /api/loan/findAllLoans/all/36 [36m304[0m 4.493 ms - -[0m
[0mGET /api/document/checklist/102?companyId=36 [36m304[0m 5.083 ms - -[0m
[0mGET /api/loans/overview/36 [36m304[0m 39.853 ms - -[0m
[0mGET /api/recibos/customer/330?companyId=36 [36m304[0m 5.330 ms - -[0m
[0mGET /api/getLoanGuarantees/63 [36m304[0m 3.902 ms - -[0m
[0mGET /api/getLoanGuarantees/63 [36m304[0m 4.327 ms - -[0m
[0mGET /api/sms-gateway/summary?companyId=36 [36m304[0m 24.203 ms - -[0m
[0mGET /api/cash-registers/portal-alert [36m304[0m 12.730 ms - -[0m
[0mGET /api/sms-gateway/summary?companyId=36 [36m304[0m 13.921 ms - -[0m
[0mGET /api/cash-registers/portal-alert [36m304[0m 4.614 ms - -[0m
[0mGET /api/sms-gateway/summary?companyId=36 [36m304[0m 11.884 ms - -[0m
[0mGET /api/cash-registers/portal-alert [36m304[0m 4.207 ms - -[0m
[0mGET /api/sms-gateway/summary?companyId=36 [36m304[0m 13.655 ms - -[0m
[0mGET /api/cash-registers/portal-alert [36m304[0m 6.098 ms - -[0m
[0mPOST /api/auth/refresh [32m200[0m 1.118 ms - 167[0m
[0mGET /api/sms-gateway/summary?companyId=36 [36m304[0m 11.801 ms - -[0m
[0mGET /api/cash-registers/portal-alert [36m304[0m 6.510 ms - -[0m
[0mGET /api/sms-gateway/summary?companyId=36 [36m304[0m 51.394 ms - -[0m
[0mGET /api/cash-registers/portal-alert [36m304[0m 6.665 ms - -[0m
[0mGET /api/sms-gateway/summary?companyId=36 [36m304[0m 23.329 ms - -[0m
[0mGET /api/cash-registers/portal-alert [36m304[0m 19.717 ms - -[0m
[0mGET /api/sms-gateway/summary?companyId=36 [36m304[0m 26.477 ms - -[0m
[0mGET /api/cash-registers/portal-alert [36m304[0m 5.841 ms - -[0m
[0mGET /api/sms-gateway/summary?companyId=36 [36m304[0m 38.062 ms - -[0m
[0mGET /api/cash-registers/portal-alert [36m304[0m 3.915 ms - -[0m
[0mGET /api/sms-gateway/summary?companyId=36 [36m304[0m 13.108 ms - -[0m
[0mGET /api/cash-registers/portal-alert [36m304[0m 43.209 ms - -[0m
[0mGET /api/sms-gateway/summary?companyId=36 [36m304[0m 29.773 ms - -[0m
[0mGET /api/cash-registers/portal-alert [36m304[0m 14.258 ms - -[0m
[0mPOST /api/logs [33m401[0m 0.305 ms - 48[0m
[0mGET /api/customer/102 [33m401[0m 0.446 ms - 48[0m
[0mPOST /api/login [32m200[0m 437.423 ms - 537[0m
[0mGET /api/company/36 [36m304[0m 24.092 ms - -[0m
[0mPOST /api/logs [32m200[0m 155.479 ms - 51[0m
[0mGET /api/sms-gateway/summary?companyId=36 [36m304[0m 100.649 ms - -[0m
[0mGET /api/wallets/36 [32m200[0m 152.966 ms - 10123[0m
[0mGET /api/wallets/36/dashboard?months=12 [32m200[0m 238.511 ms - 12713[0m
[0mGET /api/wallets/36/dashboard?months=12 [32m200[0m 43.687 ms - 12713[0m
[0mGET /api/cash-registers/portal-alert [36m304[0m 5.058 ms - -[0m
[0mGET /api/dashboard/36?from=2026-10-01&to=2026-10-31 [32m200[0m 15.955 ms - 1087[0m
[0mGET /api/dashboard/36 [32m200[0m 46.630 ms - 2913[0m
[0mGET /api/customers/36?page=1&limit=15&search=&bairro= [36m304[0m 18.896 ms - -[0m
[0mGET /api/customers/36/stats [36m304[0m 55.353 ms - -[0m
[0mGET /api/company/36 [36m304[0m 4.057 ms - -[0m
[0mGET /api/customer/112 [36m304[0m 2.396 ms - -[0m
[0mGET /api/loan/findAllLoans/all/36 [36m304[0m 9.166 ms - -[0m
[0mGET /api/loans/overview/36 [36m304[0m 59.375 ms - -[0m
[0mGET /api/document/checklist/112?companyId=36 [36m304[0m 67.112 ms - -[0m
[0mGET /api/recibos/customer/340?companyId=36 [32m200[0m 34.548 ms - 1263[0m
[0mGET /api/recibos/68/pdf [36m304[0m 32.386 ms - -[0m
[0mGET /api/customers/36?page=1&limit=15&search=&bairro= [36m304[0m 14.160 ms - -[0m
[0mGET /api/customers/36/stats [36m304[0m 12.723 ms - -[0m
[0mGET /api/installments/control/36 [36m304[0m 176.939 ms - -[0m
[0mGET /api/sms-gateway/summary?companyId=36 [36m304[0m 14.343 ms - -[0m
[0mGET /api/cash-registers/portal-alert [36m304[0m 5.281 ms - -[0m
[0mGET /api/usersAll/36 [36m304[0m 9.476 ms - -[0m
[0mGET /api/loans/overview/36 [36m304[0m 95.881 ms - -[0m
[0mGET /api/sms-gateway/summary?companyId=36 [36m304[0m 25.575 ms - -[0m
[0mGET /api/cash-registers/portal-alert [36m304[0m 2.968 ms - -[0m
[0mGET /api/company/36 [36m304[0m 2.980 ms - -[0m
[0mGET /api/customer/101 [32m200[0m 2.068 ms - 1098[0m
[0mGET /api/loan/findAllLoans/all/36 [36m304[0m 3.646 ms - -[0m
[0mGET /api/document/checklist/101?companyId=36 [36m304[0m 3.871 ms - -[0m
[0mGET /api/loans/overview/36 [36m304[0m 18.150 ms - -[0m
[0mGET /api/recibos/customer/329?companyId=36 [36m304[0m 5.404 ms - -[0m
[0mGET /api/getLoanGuarantees/62 [36m304[0m 37.060 ms - -[0m
[0mGET /api/getLoanGuarantees/62 [36m304[0m 6.206 ms - -[0m
[0mGET /api/rate/36 [36m304[0m 23.542 ms - -[0m
[0mGET /api/usersAll/36 [36m304[0m 2.214 ms - -[0m
[0mGET /api/getLoanGuarantees/62 [36m304[0m 2.164 ms - -[0m
[0mGET /documents/c2fdd07c4bafaadcd0cf3ea08399c1d9_BartolomeuResMercearia.jpg [33m404[0m 1.227 ms - 55[0m
[0mGET /documents/ea32ae6c565de4ebf43a7e61978dc9e2_BartolomeuResid%C3%AAncia.jpg [33m404[0m 1.343 ms - 55[0m
[0mGET /api/getLoanGuarantees/62 [36m304[0m 1.653 ms - -[0m
[0mGET /documents/c2fdd07c4bafaadcd0cf3ea08399c1d9_BartolomeuResMercearia.jpg [33m404[0m 0.308 ms - 55[0m
[0mGET /documents/ea32ae6c565de4ebf43a7e61978dc9e2_BartolomeuResid%C3%AAncia.jpg [33m404[0m 1.417 ms - 55[0m
[0mGET /api/sms-gateway/summary?companyId=36 [36m304[0m 7.974 ms - -[0m
[0mGET /api/cash-registers/portal-alert [36m304[0m 39.236 ms - -[0m
[0mGET /api/sms-gateway/summary?companyId=36 [36m304[0m 9.720 ms - -[0m
[0mGET /api/cash-registers/portal-alert [36m304[0m 5.209 ms - -[0m
[0mGET /documents/c2fdd07c4bafaadcd0cf3ea08399c1d9_BartolomeuResMercearia.jpg [33m404[0m 0.577 ms - 55[0m
[0mGET /documents/ea32ae6c565de4ebf43a7e61978dc9e2_BartolomeuResid%C3%AAncia.jpg [33m404[0m 0.575 ms - 55[0m
[0mGET /api/sms-gateway/summary?companyId=36 [36m304[0m 7.333 ms - -[0m
[0mPOST /api/auth/refresh [32m200[0m 0.741 ms - 167[0m
[0mGET /api/cash-registers/portal-alert [36m304[0m 4.516 ms - -[0m
[0mGET /api/sms-gateway/summary?companyId=36 [36m304[0m 25.059 ms - -[0m
[0mGET /api/cash-registers/portal-alert [36m304[0m 6.869 ms - -[0m
[0mGET /api/company/36 [36m304[0m 6.564 ms - -[0m
[0mGET /api/sms-gateway/summary?companyId=36 [36m304[0m 20.041 ms - -[0m
[0mGET /api/cash-registers/portal-alert [36m304[0m 48.251 ms - -[0m
[0mGET /api/company/36 [36m304[0m 2.034 ms - -[0m
[0mGET /api/customer/101 [36m304[0m 1.962 ms - -[0m
[0mGET /api/document/checklist/101?companyId=36 [36m304[0m 2.101 ms - -[0m
[0mGET /api/loan/findAllLoans/all/36 [36m304[0m 11.534 ms - -[0m
[0mGET /api/loans/overview/36 [36m304[0m 14.897 ms - -[0m
[0mGET /api/sms-gateway/summary?companyId=36 [36m304[0m 24.131 ms - -[0m
[0mGET /api/cash-registers/portal-alert [36m304[0m 8.311 ms - -[0m
[0mGET /api/getLoanGuarantees/62 [36m304[0m 21.015 ms - -[0m
[0mGET /api/recibos/customer/329?companyId=36 [36m304[0m 12.823 ms - -[0m
[0mGET /api/getLoanGuarantees/62 [32m200[0m 52.007 ms - 666[0m
[0mGET /api/getLoanGuarantees/62 [36m304[0m 2.814 ms - -[0m
[0mGET /documents/c2fdd07c4bafaadcd0cf3ea08399c1d9_BartolomeuResMercearia.jpg [33m404[0m 3.603 ms - 55[0m
[0mGET /documents/ea32ae6c565de4ebf43a7e61978dc9e2_BartolomeuResid%C3%AAncia.jpg [33m404[0m 1.413 ms - 55[0m
[0mGET /api/loan/amortization/62/1 [32m200[0m 20.569 ms - 8363[0m
[0mGET /api/company/36 [36m304[0m 12.723 ms - -[0m
[0mGET /api/loan/findAllLoans/all/36 [36m304[0m 2.467 ms - -[0m
[0mGET /api/customer/101 [36m304[0m 3.424 ms - -[0m
[0mGET /api/getLoanGuarantees/62 [36m304[0m 33.818 ms - -[0m
[0mGET /api/accounts/36 [32m200[0m 38.808 ms - 1960[0m
[0mGET /api/loan/amortization/62/1 [36m304[0m 37.781 ms - -[0m
[0mGET /api/loans/62/concession [32m200[0m 161.599 ms - 836[0m
[0mGET /api/loans/62/concession/plano/pdf [32m200[0m 164.497 ms - 37045[0m
[0mGET /api/sms-gateway/summary?companyId=36 [36m304[0m 13.164 ms - -[0m
[0mGET /api/cash-registers/portal-alert [36m304[0m 3.536 ms - -[0m
[0mGET /api/sms-gateway/summary?companyId=36 [36m304[0m 53.570 ms - -[0m
[0mGET /api/cash-registers/portal-alert [36m304[0m 12.123 ms - -[0m
[0mGET /api/sms-gateway/summary?companyId=36 [36m304[0m 20.584 ms - -[0m
[0mGET /api/cash-registers/portal-alert [36m304[0m 5.283 ms - -[0m
[0mGET /api/sms-gateway/summary?companyId=36 [36m304[0m 24.183 ms - -[0m
[0mGET /api/cash-registers/portal-alert [36m304[0m 56.240 ms - -[0m
[0mPOST /api/auth/refresh [32m200[0m 1.600 ms - 167[0m
[0mGET /api/sms-gateway/summary?companyId=36 [36m304[0m 17.617 ms - -[0m
[0mGET /api/cash-registers/portal-alert [36m304[0m 5.912 ms - -[0m
[0mGET /api/sms-gateway/summary?companyId=36 [36m304[0m 19.407 ms - -[0m
[0mGET /api/cash-registers/portal-alert [36m304[0m 8.686 ms - -[0m
[0mGET /api/sms-gateway/summary?companyId=36 [36m304[0m 35.127 ms - -[0m
[0mGET /api/cash-registers/portal-alert [36m304[0m 6.116 ms - -[0m
[0mGET /api/sms-gateway/summary?companyId=36 [36m304[0m 13.587 ms - -[0m
[0mGET /api/cash-registers/portal-alert [36m304[0m 44.307 ms - -[0m
[0mGET /api/sms-gateway/summary?companyId=36 [36m304[0m 34.121 ms - -[0m
[0mGET /api/cash-registers/portal-alert [36m304[0m 6.760 ms - -[0m
[0mGET /api/sms-gateway/summary?companyId=36 [36m304[0m 22.270 ms - -[0m
[0mGET /api/cash-registers/portal-alert [36m304[0m 38.541 ms - -[0m
[0mGET /api/loans/62/concession/termo/pdf [32m200[0m 217.746 ms - 32456[0m
[0mGET /api/loans/62/concession/garantias/pdf [32m200[0m 134.972 ms - 32786[0m
[0mGET /api/sms-gateway/summary?companyId=36 [36m304[0m 26.361 ms - -[0m
[0mGET /api/cash-registers/portal-alert [36m304[0m 7.596 ms - -[0m
[0mGET /api/sms-gateway/summary?companyId=36 [36m304[0m 29.711 ms - -[0m
[0mGET /api/cash-registers/portal-alert [36m304[0m 8.710 ms - -[0m
[0mGET /api/sms-gateway/summary?companyId=36 [36m304[0m 24.576 ms - -[0m
[0mGET /api/cash-registers/portal-alert [36m304[0m 5.983 ms - -[0m
[0mPOST /api/auth/refresh [32m200[0m 1.229 ms - 167[0m
[0mGET /api/sms-gateway/summary?companyId=36 [36m304[0m 17.005 ms - -[0m
[0mGET /api/cash-registers/portal-alert [36m304[0m 5.854 ms - -[0m
[0mGET /api/sms-gateway/summary?companyId=36 [36m304[0m 25.965 ms - -[0m
[0mGET /api/cash-registers/portal-alert [36m304[0m 5.848 ms - -[0m
[0mGET /api/loans/62/documents/extracto/pdf [32m200[0m 309.836 ms - 31257[0m
[0mGET /api/sms-gateway/summary?companyId=36 [36m304[0m 24.195 ms - -[0m
[0mGET /api/cash-registers/portal-alert [36m304[0m 5.029 ms - -[0m
[0mGET /api/sms-gateway/summary?companyId=36 [36m304[0m 27.500 ms - -[0m
[0mGET /api/cash-registers/portal-alert [36m304[0m 6.705 ms - -[0m
[0mGET /api/sms-gateway/summary?companyId=36 [36m304[0m 11.621 ms - -[0m
[0mGET /api/cash-registers/portal-alert [36m304[0m 3.653 ms - -[0m
[0mGET /api/sms-gateway/summary?companyId=36 [36m304[0m 25.125 ms - -[0m
[0mGET /api/cash-registers/portal-alert [36m304[0m 6.313 ms - -[0m
[0mPOST /api/auth/refresh [32m200[0m 1.400 ms - 167[0m
[0mGET /api/sms-gateway/summary?companyId=36 [36m304[0m 11.248 ms - -[0m
[0mGET /api/cash-registers/portal-alert [36m304[0m 5.263 ms - -[0m
[0mGET /api/sms-gateway/summary?companyId=36 [36m304[0m 38.141 ms - -[0m
[0mGET /api/cash-registers/portal-alert [36m304[0m 9.037 ms - -[0m
[0mGET /api/sms-gateway/summary?companyId=36 [36m304[0m 18.334 ms - -[0m
[0mGET /api/loan/amortization/62/1 [36m304[0m 21.326 ms - -[0m
[0mGET /api/cash-registers/portal-alert [36m304[0m 6.067 ms - -[0m
[0mGET /api/sms-gateway/summary?companyId=36 [36m304[0m 12.510 ms - -[0m
[0mGET /api/cash-registers/portal-alert [36m304[0m 5.409 ms - -[0m
[0mGET /api/payments/36/all [32m200[0m 10.371 ms - 3056[0m
[0mPOST /api/recibos/lookup [32m200[0m 7.247 ms - 723[0m
[0mGET /api/usersAll/36 [36m304[0m 125.580 ms - -[0m
[0mGET /api/loans/overview/36 [36m304[0m 181.835 ms - -[0m
[0mGET /api/company/36 [36m304[0m 3.187 ms - -[0m
[0mGET /api/customer/104 [36m304[0m 4.241 ms - -[0m
[0mGET /api/loan/findAllLoans/all/36 [36m304[0m 2.453 ms - -[0m
[0mGET /api/loans/overview/36 [36m304[0m 33.544 ms - -[0m
[0mGET /api/document/checklist/104?companyId=36 [36m304[0m 2.578 ms - -[0m
[0mPOST /api/auth/refresh [32m200[0m 0.739 ms - 167[0m
[0mGET /api/usersAll/36 [36m304[0m 3.271 ms - -[0m
[0mGET /api/loans/overview/36 [36m304[0m 19.866 ms - -[0m
[0mGET /api/sms-gateway/summary?companyId=36 [36m304[0m 17.157 ms - -[0m
[0mGET /api/cash-registers/portal-alert [36m304[0m 6.183 ms - -[0m
[0mGET /api/bank-accounts?is_active=1 [32m200[0m 4.909 ms - 1883[0m
[0mGET /api/bank-accounts?is_active=1&purpose=DESEMBOLSO [36m304[0m 5.776 ms - -[0m
[0mGET /api/rate/36 [36m304[0m 76.805 ms - -[0m
[0mGET /api/document/104 [36m304[0m 1.650 ms - -[0m
[0mGET /api/wallets/36?onlyActive=true [32m200[0m 120.174 ms - 10123[0m
[0mGET /api/company/36 [36m304[0m 5.565 ms - -[0m
[0mGET /api/wallets/36 [36m304[0m 28.984 ms - -[0m
[0mGET /api/wallets/36/unclassified-loans [36m304[0m 28.144 ms - -[0m
[0mGET /api/sms-gateway/summary?companyId=36 [36m304[0m 17.262 ms - -[0m
[0mGET /api/cash-registers/portal-alert [36m304[0m 4.947 ms - -[0m
[0mGET /api/bank-accounts [32m200[0m 3.969 ms - 1883[0m
[0mGET /api/wallets/36 [36m304[0m 73.856 ms - -[0m
[0mGET /api/rate/36 [36m304[0m 106.572 ms - -[0m
[0mPUT /api/rate/83 [32m200[0m 206.231 ms - 284[0m
[0mGET /api/rate/36 [32m200[0m 17.500 ms - 6075[0m
[0mGET /api/bank-accounts [36m304[0m 6.788 ms - -[0m
[0mGET /api/wallets/36 [36m304[0m 35.951 ms - -[0m
[0mPOST /api/logs [32m200[0m 156.693 ms - 51[0m
[0mPUT /api/rate/81 [32m200[0m 190.236 ms - 277[0m
[0mGET /api/wallets/36 [36m304[0m 37.192 ms - -[0m
[0mGET /api/bank-accounts [36m304[0m 49.179 ms - -[0m
[0mGET /api/rate/36 [32m200[0m 164.534 ms - 6075[0m
[0mPOST /api/logs [32m200[0m 187.517 ms - 51[0m
[0mPUT /api/rate/71 [32m200[0m 94.047 ms - 286[0m
[0mGET /api/bank-accounts [36m304[0m 6.383 ms - -[0m
[0mGET /api/rate/36 [32m200[0m 46.722 ms - 6075[0m
[0mGET /api/wallets/36 [36m304[0m 66.618 ms - -[0m
[0mPOST /api/logs [32m200[0m 155.617 ms - 51[0m
[0mGET /api/sms-gateway/summary?companyId=36 [36m304[0m 10.002 ms - -[0m
[0mGET /api/cash-registers/portal-alert [36m304[0m 5.685 ms - -[0m
[0mPUT /api/rate/71 [32m200[0m 56.712 ms - 286[0m
[0mGET /api/bank-accounts [36m304[0m 5.470 ms - -[0m
[0mGET /api/rate/36 [32m200[0m 69.527 ms - 6075[0m
[0mGET /api/wallets/36 [36m304[0m 96.736 ms - -[0m
[0mPOST /api/logs [32m200[0m 121.274 ms - 51[0m
[0mPUT /api/rate/80 [32m200[0m 98.915 ms - 280[0m
[0mGET /api/bank-accounts [36m304[0m 10.940 ms - -[0m
[0mGET /api/rate/36 [32m200[0m 22.711 ms - 6075[0m
[0mGET /api/wallets/36 [36m304[0m 44.675 ms - -[0m
[0mPOST /api/logs [32m200[0m 82.574 ms - 51[0m
[0mPUT /api/rate/84 [32m200[0m 152.393 ms - 277[0m
[0mGET /api/bank-accounts [36m304[0m 8.315 ms - -[0m
[0mGET /api/wallets/36 [36m304[0m 37.819 ms - -[0m
[0mGET /api/rate/36 [32m200[0m 54.379 ms - 6075[0m
[0mPOST /api/logs [32m200[0m 111.266 ms - 51[0m
[0mPUT /api/rate/82 [32m200[0m 122.814 ms - 291[0m
[0mGET /api/bank-accounts [36m304[0m 38.390 ms - -[0m
[0mGET /api/rate/36 [32m200[0m 53.639 ms - 6075[0m
[0mPOST /api/logs [32m200[0m 84.023 ms - 51[0m
[0mGET /api/wallets/36 [36m304[0m 122.774 ms - -[0m
[0mGET /api/sms-gateway/summary?companyId=36 [36m304[0m 17.681 ms - -[0m
[0mGET /api/cash-registers/portal-alert [36m304[0m 9.415 ms - -[0m
[0mPUT /api/rate/69 [32m200[0m 179.126 ms - 286[0m
[0mGET /api/rate/36 [32m200[0m 7.559 ms - 6075[0m
[0mGET /api/bank-accounts [36m304[0m 45.015 ms - -[0m
[0mGET /api/wallets/36 [36m304[0m 75.244 ms - -[0m
[0mPOST /api/logs [32m200[0m 112.152 ms - 51[0m
[0mGET /api/usersAll/36 [36m304[0m 5.790 ms - -[0m
[0mGET /api/loans/overview/36 [36m304[0m 35.821 ms - -[0m
[0mGET /api/bank-accounts?is_active=1&purpose=DESEMBOLSO [36m304[0m 6.184 ms - -[0m
[0mGET /api/bank-accounts?is_active=1 [36m304[0m 9.416 ms - -[0m
[0mGET /api/rate/36 [36m304[0m 12.216 ms - -[0m
[0mGET /api/wallets/36?onlyActive=true [36m304[0m 30.956 ms - -[0m
[0mGET /api/document/104 [36m304[0m 2.569 ms - -[0m
[0mGET /api/sms-gateway/summary?companyId=36 [36m304[0m 18.125 ms - -[0m
[0mGET /api/cash-registers/portal-alert [36m304[0m 4.840 ms - -[0m
[0mPUT /api/loan/69 [32m200[0m 108.634 ms - 54[0m
[0mPOST /api/createInstallmentsLoan/ [33m400[0m 203.944 ms - 194[0m
[0mPUT /api/loan/69 [32m200[0m 104.435 ms - 54[0m
[0mPOST /api/createInstallmentsLoan/ [33m400[0m 8.416 ms - 194[0m
[0mGET /api/customers/36?page=1&limit=15&search=&bairro= [36m304[0m 9.281 ms - -[0m
[0mGET /api/customers/36/stats [36m304[0m 5.683 ms - -[0m
[0mGET /api/company/36 [36m304[0m 3.383 ms - -[0m
[0mGET /api/customer/111 [36m304[0m 40.090 ms - -[0m
[0mGET /api/loan/findAllLoans/all/36 [32m200[0m 3.041 ms - 11172[0m
[0mGET /api/document/checklist/111?companyId=36 [36m304[0m 34.796 ms - -[0m
[0mGET /api/loans/overview/36 [32m200[0m 73.126 ms - 21937[0m
[0mGET /api/rate/36 [36m304[0m 7.234 ms - -[0m
[0mGET /api/usersAll/36 [36m304[0m 27.795 ms - -[0m
[0mPOST /api/auth/refresh [32m200[0m 1.331 ms - 167[0m
[0mPOST /api/loan/simulate [32m200[0m 40.924 ms - 974[0m
[0mGET /api/sms-gateway/summary?companyId=36 [36m304[0m 7.341 ms - -[0m
[0mGET /api/cash-registers/portal-alert [36m304[0m 3.856 ms - -[0m
[0mPOST /api/loan [32m200[0m 198.847 ms - 54[0m
[0mGET /api/loan/findAllLoans/all/36 [32m200[0m 3.593 ms - 11596[0m
[0mGET /api/loans/overview/36 [32m200[0m 30.906 ms - 23304[0m
[0mGET /api/usersAll/36 [36m304[0m 20.475 ms - -[0m
[0mGET /api/loans/overview/36 [36m304[0m 64.347 ms - -[0m
[0mGET /api/bank-accounts?is_active=1&purpose=DESEMBOLSO [36m304[0m 4.922 ms - -[0m
[0mGET /api/bank-accounts?is_active=1 [36m304[0m 7.955 ms - -[0m
[0mGET /api/rate/36 [36m304[0m 27.842 ms - -[0m
[0mGET /api/wallets/36?onlyActive=true [36m304[0m 54.302 ms - -[0m
[0mGET /api/document/111 [36m304[0m 1.612 ms - -[0m
[0mGET /api/sms-gateway/summary?companyId=36 [36m304[0m 10.636 ms - -[0m
[0mGET /api/cash-registers/portal-alert [36m304[0m 5.613 ms - -[0m
[0mPUT /api/loan/126 [32m200[0m 101.858 ms - 54[0m
[TESOURARIA] ENTRADA/TAXA_ADMIN/BANK 15 MZN — caixa #12 · conta #9
[Concessao] Pacote emitido para o crédito #126 (hash fafb39418dcb…)
[TESOURARIA] SAIDA/DESEMBOLSO/BANK 15000 MZN — caixa #12 · conta #1
[0mPOST /api/createInstallmentsLoan/ [32m200[0m 1958.838 ms - 92[0m
[0mPOST /api/logs [32m200[0m 54.747 ms - 51[0m
[0mGET /api/loans/overview/36 [32m200[0m 93.472 ms - 23348[0m
[0mGET /api/customers/36?page=1&limit=15&search=&bairro= [36m304[0m 12.781 ms - -[0m
[0mGET /api/customers/36/stats [36m304[0m 20.381 ms - -[0m
[0mGET /api/installments/control/36 [32m200[0m 27.131 ms - 36054[0m
[0mGET /api/loans/overview/36 [36m304[0m 20.634 ms - -[0m
[0mGET /api/usersAll/36 [36m304[0m 3.958 ms - -[0m
[0mGET /api/sms-gateway/summary?companyId=36 [36m304[0m 23.292 ms - -[0m
[0mGET /api/cash-registers/portal-alert [36m304[0m 24.066 ms - -[0m
[0mGET /api/company/36 [36m304[0m 18.676 ms - -[0m
[0mGET /api/customer/111 [36m304[0m 3.974 ms - -[0m
[0mGET /api/loan/findAllLoans/all/36 [32m200[0m 6.205 ms - 11602[0m
[0mGET /api/document/checklist/111?companyId=36 [36m304[0m 3.592 ms - -[0m
[0mGET /api/loans/overview/36 [36m304[0m 29.409 ms - -[0m
[0mGET /api/loan/amortization/126/1 [32m200[0m 27.649 ms - 1933[0m
[0mGET /api/loan/amortization/82/1 [32m200[0m 8.031 ms - 549[0m
[0mGET /api/loan/amortization/126/1 [36m304[0m 8.049 ms - -[0m
[0mGET /api/bank-accounts/reembolso?companyId=36 [32m200[0m 32.544 ms - 384[0m
[0mGET /api/sms-gateway/summary?companyId=36 [36m304[0m 24.966 ms - -[0m
[0mGET /api/cash-registers/portal-alert [36m304[0m 5.752 ms - -[0m
[0mGET /api/sms-gateway/summary?companyId=36 [36m304[0m 10.224 ms - -[0m
[0mGET /api/cash-registers/portal-alert [36m304[0m 5.911 ms - -[0m
[0mGET /api/rate/36 [32m200[0m 8.773 ms - 6075[0m
[0mGET /api/loan/amortization/126/1 [36m304[0m 34.411 ms - -[0m
[0mGET /api/usersAll/36 [36m304[0m 35.205 ms - -[0m
[0mGET /api/loan/amortization/126/1 [36m304[0m 32.928 ms - -[0m
[0mPOST /api/auth/refresh [32m200[0m 0.654 ms - 167[0m
[0mGET /api/sms-gateway/summary?companyId=36 [36m304[0m 23.350 ms - -[0m
[0mGET /api/cash-registers/portal-alert [36m304[0m 5.310 ms - -[0m
[0mGET /api/loan/amortization/126/1 [36m304[0m 8.306 ms - -[0m
[0mGET /api/company/36 [36m304[0m 4.497 ms - -[0m
[0mGET /api/loan/findAllLoans/all/36 [36m304[0m 4.385 ms - -[0m
[0mGET /api/customer/111 [36m304[0m 3.536 ms - -[0m
[0mGET /api/getLoanGuarantees/126 [32m200[0m 3.566 ms - 62[0m
[0mGET /api/accounts/36 [32m200[0m 2.957 ms - 1960[0m
[0mGET /api/loan/amortization/126/1 [36m304[0m 9.076 ms - -[0m
[0mGET /api/loans/126/concession [32m200[0m 37.424 ms - 843[0m
[0mGET /api/loans/126/concession/plano/pdf [32m200[0m 170.325 ms - 28557[0m
[0mGET /api/sms-gateway/summary?companyId=36 [36m304[0m 19.348 ms - -[0m
[0mGET /api/cash-registers/portal-alert [36m304[0m 5.492 ms - -[0m
[0mGET /api/loans/126/concession/termo/pdf [32m200[0m 137.007 ms - 26577[0m
[0mGET /api/sms-gateway/summary?companyId=36 [36m304[0m 31.220 ms - -[0m
[0mGET /api/cash-registers/portal-alert [36m304[0m 6.767 ms - -[0m
[0mGET /api/loans/126/concession/contrato/pdf [32m200[0m 92.973 ms - 45361[0m
[0mGET /api/loans/126/concession/garantias/pdf [32m200[0m 108.606 ms - 26856[0m
[0mGET /api/sms-gateway/summary?companyId=36 [36m304[0m 9.999 ms - -[0m
[0mGET /api/cash-registers/portal-alert [36m304[0m 24.923 ms - -[0m
[0mGET /api/loans/126/documents/extracto/pdf [32m200[0m 161.636 ms - 28558[0m
[0mGET /api/sms-gateway/summary?companyId=36 [36m304[0m 6.947 ms - -[0m
[0mGET /api/cash-registers/portal-alert [36m304[0m 3.927 ms - -[0m
[0mGET /api/company/36 [36m304[0m 12.984 ms - -[0m
[0mGET /api/customer/111 [36m304[0m 4.375 ms - -[0m
[0mGET /api/getLoanGuarantees/82 [36m304[0m 1.544 ms - -[0m
[0mGET /api/accounts/36 [36m304[0m 1.859 ms - -[0m
[0mGET /api/loan/amortization/82/1 [36m304[0m 25.688 ms - -[0m
[0mGET /api/loans/82/concession [36m304[0m 26.307 ms - -[0m
[0mPOST /api/auth/refresh [32m200[0m 0.405 ms - 167[0m
[0mGET /api/sms-gateway/summary?companyId=36 [36m304[0m 15.742 ms - -[0m
[0mGET /api/cash-registers/portal-alert [36m304[0m 104.939 ms - -[0m
[0mGET /api/sms-gateway/summary?companyId=36 [36m304[0m 40.785 ms - -[0m
[0mGET /api/cash-registers/portal-alert [36m304[0m 5.593 ms - -[0m
[0mGET /api/sms-gateway/summary?companyId=36 [36m304[0m 24.211 ms - -[0m
[0mGET /api/cash-registers/portal-alert [36m304[0m 5.527 ms - -[0m
[0mGET /api/sms-gateway/summary?companyId=36 [36m304[0m 8.143 ms - -[0m
[0mGET /api/cash-registers/portal-alert [36m304[0m 5.014 ms - -[0m
[0mGET /api/sms-gateway/summary?companyId=36 [36m304[0m 25.667 ms - -[0m
[0mGET /api/cash-registers/portal-alert [36m304[0m 18.589 ms - -[0m
[0mPOST /api/auth/refresh [32m200[0m 1.432 ms - 167[0m
[0mGET /api/sms-gateway/summary?companyId=36 [36m304[0m 9.232 ms - -[0m
[0mGET /api/cash-registers/portal-alert [36m304[0m 4.813 ms - -[0m
[0mGET /api/sms-gateway/summary?companyId=36 [36m304[0m 20.645 ms - -[0m
[0mGET /api/cash-registers/portal-alert [36m304[0m 6.252 ms - -[0m
[0mGET /api/sms-gateway/summary?companyId=36 [36m304[0m 18.843 ms - -[0m
[0mGET /api/cash-registers/portal-alert [36m304[0m 5.939 ms - -[0m
[0mGET /api/sms-gateway/summary?companyId=36 [36m304[0m 17.954 ms - -[0m
[0mGET /api/cash-registers/portal-alert [36m304[0m 30.130 ms - -[0m
[0mGET /api/sms-gateway/summary?companyId=36 [36m304[0m 25.309 ms - -[0m
[0mGET /api/cash-registers/portal-alert [36m304[0m 4.393 ms - -[0m
[0mGET /api/sms-gateway/summary?companyId=36 [36m304[0m 26.647 ms - -[0m
[0mGET /api/cash-registers/portal-alert [36m304[0m 3.766 ms - -[0m
[0mPOST /api/logs [33m401[0m 0.626 ms - 48[0m
[0mGET /api/customer/111 [33m401[0m 0.633 ms - 48[0m
[0mPOST /api/login [32m200[0m 202.369 ms - 537[0m
[0mGET /api/company/36 [36m304[0m 20.282 ms - -[0m
[0mPOST /api/logs [32m200[0m 185.341 ms - 51[0m
[0mGET /api/sms-gateway/summary?companyId=36 [36m304[0m 40.674 ms - -[0m
[0mGET /api/cash-registers/portal-alert [36m304[0m 10.785 ms - -[0m
[0mGET /api/wallets/36 [32m200[0m 44.555 ms - 10154[0m
[0mGET /api/wallets/36/dashboard?months=12 [32m200[0m 99.033 ms - 12752[0m
[0mGET /api/wallets/36/dashboard?months=12 [32m200[0m 86.865 ms - 12752[0m
[0mGET /api/dashboard/36 [32m200[0m 43.010 ms - 2928[0m
[0mGET /api/dashboard/36?from=2026-10-01&to=2026-10-31 [32m200[0m 33.543 ms - 1276[0m
[0mGET /api/sms-gateway/summary?companyId=36 [36m304[0m 24.411 ms - -[0m
[0mGET /api/cash-registers/portal-alert [36m304[0m 3.180 ms - -[0m
[0mGET /api/sms-gateway/summary?companyId=36 [36m304[0m 12.450 ms - -[0m
[0mGET /api/cash-registers/portal-alert [36m304[0m 6.362 ms - -[0m
[0mGET /api/sms-gateway/summary?companyId=36 [36m304[0m 17.808 ms - -[0m
[0mGET /api/cash-registers/portal-alert [36m304[0m 3.816 ms - -[0m
[0mGET /api/sms-gateway/summary?companyId=36 [36m304[0m 25.636 ms - -[0m
[0mGET /api/cash-registers/portal-alert [36m304[0m 6.319 ms - -[0m
[0mPOST /api/auth/refresh [32m200[0m 1.078 ms - 167[0m
[0mGET /api/sms-gateway/summary?companyId=36 [36m304[0m 23.932 ms - -[0m
[0mGET /api/cash-registers/portal-alert [36m304[0m 5.967 ms - -[0m
[0mGET /api/sms-gateway/summary?companyId=36 [36m304[0m 8.780 ms - -[0m
[0mGET /api/cash-registers/portal-alert [36m304[0m 5.738 ms - -[0m
[0mGET /api/sms-gateway/summary?companyId=36 [36m304[0m 19.813 ms - -[0m
[0mGET /api/cash-registers/portal-alert [36m304[0m 4.914 ms - -[0m
[0mGET /api/sms-gateway/summary?companyId=36 [36m304[0m 20.990 ms - -[0m
[0mGET /api/cash-registers/portal-alert [36m304[0m 17.459 ms - -[0m
[0mGET /api/sms-gateway/summary?companyId=36 [36m304[0m 24.875 ms - -[0m
[0mGET /api/cash-registers/portal-alert [36m304[0m 7.862 ms - -[0m
[0mPOST /api/auth/refresh [32m200[0m 1.521 ms - 167[0m
[0mGET /api/sms-gateway/summary?companyId=36 [36m304[0m 7.443 ms - -[0m
[0mGET /api/cash-registers/portal-alert [36m304[0m 3.371 ms - -[0m
[0mGET /api/sms-gateway/summary?companyId=36 [36m304[0m 16.564 ms - -[0m
[0mGET /api/cash-registers/portal-alert [36m304[0m 5.760 ms - -[0m
[0mGET /api/sms-gateway/summary?companyId=36 [36m304[0m 30.811 ms - -[0m
[0mGET /api/cash-registers/portal-alert [36m304[0m 4.459 ms - -[0m
[0mGET /api/sms-gateway/summary?companyId=36 [36m304[0m 14.918 ms - -[0m
[0mGET /api/cash-registers/portal-alert [36m304[0m 7.257 ms - -[0m
[0mGET /api/sms-gateway/summary?companyId=36 [36m304[0m 31.059 ms - -[0m
[0mGET /api/cash-registers/portal-alert [36m304[0m 5.135 ms - -[0m
[0mGET /api/sms-gateway/summary?companyId=36 [36m304[0m 31.725 ms - -[0m
[0mGET /api/cash-registers/portal-alert [36m304[0m 6.256 ms - -[0m
[0mGET /api/sms-gateway/summary?companyId=36 [36m304[0m 7.009 ms - -[0m
[0mGET /api/cash-registers/portal-alert [36m304[0m 3.324 ms - -[0m
[0mPOST /api/logs [32m200[0m 113.301 ms - 51[0m
[0mPOST /api/login [32m200[0m 631.316 ms - 537[0m
[0mGET /api/company/36 [36m304[0m 29.917 ms - -[0m
[0mPOST /api/logs [32m200[0m 656.457 ms - 51[0m
[0mGET /api/sms-gateway/summary?companyId=36 [36m304[0m 8.251 ms - -[0m
[0mGET /api/wallets/36/dashboard?months=12 [36m304[0m 347.062 ms - -[0m
[0mGET /api/cash-registers/portal-alert [36m304[0m 12.189 ms - -[0m
[0mGET /api/wallets/36 [36m304[0m 429.181 ms - -[0m
[0mGET /api/wallets/36/dashboard?months=12 [36m304[0m 316.844 ms - -[0m
[0mGET /api/dashboard/36?from=2026-10-01&to=2026-10-31 [36m304[0m 35.517 ms - -[0m
[0mGET /api/dashboard/36 [36m304[0m 44.088 ms - -[0m
[0mGET /api/sms-gateway/summary?companyId=36 [36m304[0m 12.392 ms - -[0m
[0mGET /api/cash-registers/portal-alert [36m304[0m 5.177 ms - -[0m
[0mGET /api/sms-gateway/summary?companyId=36 [36m304[0m 26.404 ms - -[0m
[0mGET /api/cash-registers/portal-alert [36m304[0m 5.064 ms - -[0m
[0mGET /api/sms-gateway/summary?companyId=36 [36m304[0m 22.410 ms - -[0m
[0mGET /api/cash-registers/portal-alert [36m304[0m 2.981 ms - -[0m
[0mGET /api/sms-gateway/summary?companyId=36 [36m304[0m 7.318 ms - -[0m
[0mGET /api/cash-registers/portal-alert [36m304[0m 2.665 ms - -[0m
[0mPOST /api/auth/refresh [32m200[0m 2.259 ms - 167[0m
[0mGET /api/sms-gateway/summary?companyId=36 [36m304[0m 31.254 ms - -[0m
[0mGET /api/cash-registers/portal-alert [36m304[0m 21.270 ms - -[0m
[0mGET /api/sms-gateway/summary?companyId=36 [36m304[0m 13.331 ms - -[0m
[0mGET /api/cash-registers/portal-alert [36m304[0m 4.724 ms - -[0m
[0mGET /api/sms-gateway/summary?companyId=36 [36m304[0m 27.718 ms - -[0m
[0mGET /api/cash-registers/portal-alert [36m304[0m 5.472 ms - -[0m
[0mGET /api/sms-gateway/summary?companyId=36 [36m304[0m 19.052 ms - -[0m
[0mGET /api/cash-registers/portal-alert [36m304[0m 3.957 ms - -[0m
[0mGET /api/sms-gateway/summary?companyId=36 [36m304[0m 14.450 ms - -[0m
[0mGET /api/cash-registers/portal-alert [36m304[0m 28.317 ms - -[0m
[0mPOST /api/auth/refresh [32m200[0m 1.702 ms - 167[0m
[0mGET /api/sms-gateway/summary?companyId=36 [36m304[0m 15.541 ms - -[0m
[0mGET /api/cash-registers/portal-alert [36m304[0m 5.108 ms - -[0m
[0mGET /api/sms-gateway/summary?companyId=36 [36m304[0m 22.204 ms - -[0m
[0mGET /api/cash-registers/portal-alert [36m304[0m 10.011 ms - -[0m
[0mGET /api/sms-gateway/summary?companyId=36 [36m304[0m 25.838 ms - -[0m
[0mGET /api/cash-registers/portal-alert [36m304[0m 34.319 ms - -[0m
[0mGET /api/sms-gateway/summary?companyId=36 [36m304[0m 32.203 ms - -[0m
[0mGET /api/cash-registers/portal-alert [36m304[0m 4.341 ms - -[0m
[0mGET /api/sms-gateway/summary?companyId=36 [36m304[0m 24.972 ms - -[0m
[0mGET /api/cash-registers/portal-alert [36m304[0m 4.011 ms - -[0m
[0mPOST /api/auth/refresh [32m200[0m 1.414 ms - 167[0m
[0mGET /api/sms-gateway/summary?companyId=36 [36m304[0m 15.060 ms - -[0m
[0mGET /api/cash-registers/portal-alert [36m304[0m 6.026 ms - -[0m
[0mGET /api/sms-gateway/summary?companyId=36 [36m304[0m 17.685 ms - -[0m
[0mGET /api/cash-registers/portal-alert [36m304[0m 5.975 ms - -[0m
[0mGET /api/sms-gateway/summary?companyId=36 [36m304[0m 9.877 ms - -[0m
[0mGET /api/cash-registers/portal-alert [36m304[0m 5.471 ms - -[0m
[0mGET /api/sms-gateway/summary?companyId=36 [36m304[0m 28.887 ms - -[0m
[0mGET /api/cash-registers/portal-alert [36m304[0m 3.689 ms - -[0m
[0mGET /api/company/36 [36m304[0m 7.506 ms - -[0m
[0mGET /api/sms-gateway/summary?companyId=36 [36m304[0m 17.182 ms - -[0m
[0mGET /api/cash-registers/portal-alert [36m304[0m 7.485 ms - -[0m
[0mGET /api/wallets/36/dashboard?months=12 [36m304[0m 114.472 ms - -[0m
[0mGET /api/wallets/36/dashboard?months=12 [32m200[0m 131.302 ms - 12752[0m
[0mGET /api/wallets/36 [36m304[0m 175.990 ms - -[0m
[0mGET /api/dashboard/36?from=2026-10-01&to=2026-10-31 [36m304[0m 19.908 ms - -[0m
[0mGET /api/dashboard/36 [36m304[0m 46.332 ms - -[0m
[0mGET /api/sms-gateway/summary?companyId=36 [36m304[0m 11.884 ms - -[0m
[0mGET /api/cash-registers/portal-alert [36m304[0m 8.232 ms - -[0m
[0mGET /api/sms-gateway/summary?companyId=36 [36m304[0m 13.446 ms - -[0m
[0mGET /api/cash-registers/portal-alert [36m304[0m 31.272 ms - -[0m
[0mGET /api/sms-gateway/summary?companyId=36 [36m304[0m 11.463 ms - -[0m
[0mGET /api/cash-registers/portal-alert [36m304[0m 4.334 ms - -[0m
[0mGET /api/sms-gateway/summary?companyId=36 [36m304[0m 82.585 ms - -[0m
[0mGET /api/cash-registers/portal-alert [36m304[0m 24.212 ms - -[0m
[0mPOST /api/auth/refresh [32m200[0m 0.623 ms - 167[0m
[0mGET /api/sms-gateway/summary?companyId=36 [36m304[0m 22.306 ms - -[0m
[0mGET /api/cash-registers/portal-alert [36m304[0m 5.840 ms - -[0m
[0mGET /api/sms-gateway/summary?companyId=36 [36m304[0m 11.329 ms - -[0m
[0mGET /api/cash-registers/portal-alert [36m304[0m 23.131 ms - -[0m
[0mGET /api/sms-gateway/summary?companyId=36 [36m304[0m 47.828 ms - -[0m
[0mGET /api/cash-registers/portal-alert [36m304[0m 27.797 ms - -[0m
[0mGET /api/sms-gateway/summary?companyId=36 [36m304[0m 41.325 ms - -[0m
[0mGET /api/cash-registers/portal-alert [36m304[0m 5.128 ms - -[0m
[0mGET /api/sms-gateway/summary?companyId=36 [36m304[0m 32.705 ms - -[0m
[0mGET /api/cash-registers/portal-alert [36m304[0m 6.164 ms - -[0m
[0mPOST /api/auth/refresh [32m200[0m 1.732 ms - 167[0m
[0mGET /api/sms-gateway/summary?companyId=36 [36m304[0m 30.638 ms - -[0m
[0mGET /api/cash-registers/portal-alert [36m304[0m 5.722 ms - -[0m
[0mGET /api/sms-gateway/summary?companyId=36 [36m304[0m 12.522 ms - -[0m
[0mGET /api/cash-registers/portal-alert [36m304[0m 59.782 ms - -[0m
[0mGET /api/sms-gateway/summary?companyId=36 [36m304[0m 46.542 ms - -[0m
[0mGET /api/cash-registers/portal-alert [36m304[0m 25.011 ms - -[0m
[0mGET /api/sms-gateway/summary?companyId=36 [36m304[0m 43.418 ms - -[0m
[0mGET /api/cash-registers/portal-alert [36m304[0m 12.746 ms - -[0m
[0mGET /api/sms-gateway/summary?companyId=36 [36m304[0m 50.376 ms - -[0m
[0mGET /api/cash-registers/portal-alert [36m304[0m 74.134 ms - -[0m
[0mGET /api/sms-gateway/summary?companyId=36 [36m304[0m 49.110 ms - -[0m
[0mGET /api/cash-registers/portal-alert [36m304[0m 5.047 ms - -[0m
[0mGET /api/sms-gateway/summary?companyId=36 [36m304[0m 12.747 ms - -[0m
[0mGET /api/cash-registers/portal-alert [36m304[0m 62.787 ms - -[0m
[0mGET /api/usersAll/36 [36m304[0m 22.440 ms - -[0m
[0mGET /api/wallets/36/partner-users [32m200[0m 227.452 ms - 1483[0m
[0mGET /api/sms-gateway/summary?companyId=36 [36m304[0m 10.173 ms - -[0m
[0mGET /api/cash-registers/portal-alert [36m304[0m 32.205 ms - -[0m
[0mGET /api/sms-gateway/summary?companyId=36 [36m304[0m 35.770 ms - -[0m
[0mGET /api/cash-registers/portal-alert [36m304[0m 15.812 ms - -[0m
[0mGET /api/sms-gateway/summary?companyId=36 [36m304[0m 59.734 ms - -[0m
[0mGET /api/cash-registers/portal-alert [36m304[0m 5.320 ms - -[0m
[0mPOST /api/auth/refresh [32m200[0m 1.560 ms - 167[0m
[0mGET /api/sms-gateway/summary?companyId=36 [36m304[0m 22.804 ms - -[0m
[0mGET /api/cash-registers/portal-alert [36m304[0m 14.164 ms - -[0m
[0mGET /api/sms-gateway/summary?companyId=36 [36m304[0m 11.404 ms - -[0m
[0mGET /api/cash-registers/portal-alert [36m304[0m 45.401 ms - -[0m
[0mGET /api/sms-gateway/summary?companyId=36 [36m304[0m 61.893 ms - -[0m
[0mGET /api/cash-registers/portal-alert [36m304[0m 16.138 ms - -[0m
[0mGET /api/sms-gateway/summary?companyId=36 [36m304[0m 30.387 ms - -[0m
[0mGET /api/cash-registers/portal-alert [36m304[0m 16.794 ms - -[0m
[0mGET /api/sms-gateway/summary?companyId=36 [36m304[0m 25.005 ms - -[0m
[0mGET /api/cash-registers/portal-alert [36m304[0m 5.171 ms - -[0m
[0mGET /api/sms-gateway/summary?companyId=36 [36m304[0m 7.123 ms - -[0m
[0mGET /api/cash-registers/portal-alert [36m304[0m 7.189 ms - -[0m
[0mGET /api/sms-gateway/summary?companyId=36 [36m304[0m 67.743 ms - -[0m
[0mGET /api/cash-registers/portal-alert [36m304[0m 65.325 ms - -[0m
[0mPOST /api/logs [33m401[0m 0.302 ms - 48[0m
[0mGET /api/usersAll/null [33m401[0m 0.396 ms - 48[0m
[SMS] Alertas automáticos enfileirados para 3 empresa(s)
[0mPOST /api/login [32m200[0m 1765.546 ms - 537[0m
[0mGET /api/company/36 [32m200[0m 751.483 ms - 870[0m
[0mPOST /api/logs [32m200[0m 1355.859 ms - 51[0m
[0mGET /api/sms-gateway/summary?companyId=36 [32m200[0m 402.222 ms - 216[0m
[0mGET /api/cash-registers/portal-alert [32m200[0m 340.966 ms - 30[0m
[0mGET /api/wallets/36 [32m200[0m 2268.818 ms - 10154[0m
[0mGET /api/wallets/36/dashboard?months=12 [32m200[0m 2730.697 ms - 12752[0m
[0mGET /api/wallets/36/dashboard?months=12 [32m200[0m 2681.733 ms - 12752[0m
[0mGET /api/dashboard/36?from=2026-10-01&to=2026-10-31 [32m200[0m 1641.238 ms - 1276[0m
[0mGET /api/dashboard/36 [32m200[0m 1917.210 ms - 2928[0m
[0mGET /api/customers/36?page=1&limit=15&search=&bairro= [32m200[0m 113.248 ms - 15461[0m
[0mGET /api/customers/36/stats [32m200[0m 223.552 ms - 78[0m
[0mGET /api/usersAll/36 [32m200[0m 62.503 ms - 1331[0m
[0mGET /api/loans/overview/36 [32m200[0m 105.837 ms - 23348[0m
[0mGET /api/payments/36/all [32m200[0m 33.851 ms - 3056[0m
[0mPOST /api/recibos/lookup [32m200[0m 178.402 ms - 723[0m
[0mPOST /api/recibos/gerar/346 [32m201[0m 99.240 ms - 1390[0m
[0mGET /api/recibos/184/pdf [32m200[0m 451.935 ms - 31545[0m
[0mGET /api/recibos/184/pdf [32m200[0m 447.041 ms - 31545[0m
[0mGET /api/recibos/184/pdf?regenerate=1 [32m200[0m 1819.270 ms - 31545[0m
[0mGET /api/installments/control/36 [32m200[0m 394.310 ms - 36054[0m
[0mGET /api/company/36 [36m304[0m 1.745 ms - -[0m
[0mGET /api/customer/106 [32m200[0m 2.392 ms - 1124[0m
[0mGET /api/loan/findAllLoans/all/36 [32m200[0m 52.762 ms - 11602[0m
[0mGET /api/document/checklist/106?companyId=36 [32m200[0m 256.553 ms - 1397[0m
[0mGET /api/loans/overview/36 [36m304[0m 145.956 ms - -[0m
[0mGET /api/loan/amortization/67/1 [32m200[0m 8.535 ms - 8366[0m
[0mGET /api/bank-accounts/reembolso?companyId=36 [32m200[0m 76.639 ms - 384[0m
[0mGET /api/installments/869/quote?payDate=2026-10-01 [32m200[0m 341.617 ms - 351[0m
[0mGET /api/sms-gateway/summary?companyId=36 [36m304[0m 158.107 ms - -[0m
[0mGET /api/cash-registers/portal-alert [36m304[0m 9.419 ms - -[0m
[0mGET /api/tranzaction/loan/reference-check?companyId=36&paymentMethod=7&reference=2 [32m200[0m 2.377 ms - 63[0m
[0mGET /api/tranzaction/loan/reference-check?companyId=36&paymentMethod=7&reference=25 [32m200[0m 2.794 ms - 63[0m
[0mGET /api/tranzaction/loan/reference-check?companyId=36&paymentMethod=7&reference=254 [32m200[0m 2.242 ms - 63[0m
[0mGET /api/tranzaction/loan/reference-check?companyId=36&paymentMethod=7&reference=2545 [32m200[0m 2.349 ms - 63[0m
[0mGET /api/tranzaction/loan/reference-check?companyId=36&paymentMethod=7&reference=25456 [32m200[0m 36.030 ms - 63[0m
[0mGET /api/tranzaction/loan/reference-check?companyId=36&paymentMethod=7&reference=254563 [32m200[0m 3.592 ms - 63[0m
[0mGET /api/tranzaction/loan/reference-check?companyId=36&paymentMethod=7&reference=254563 [36m304[0m 1.903 ms - -[0m
[0mGET /api/tranzaction/loan/reference-check?companyId=36&paymentMethod=7&reference=254563 [36m304[0m 1.644 ms - -[0m
[TESOURARIA] ENTRADA/REEMBOLSO/MPESA 10005.32 MZN — caixa #12 · conta #10
[0mPOST /api/tranzaction [32m201[0m 4420.593 ms - 454[0m
[0mGET /api/loan/findAllLoans/all/36 [36m304[0m 4.813 ms - -[0m
[0mGET /api/loan/amortization/67/0.1 [32m200[0m 18.200 ms - 8391[0m
[0mGET /api/loans/overview/36 [32m200[0m 63.357 ms - 23358[0m
[0mGET /api/recibos/245/pdf [32m200[0m 13.763 ms - 31508[0m
[0mGET /api/recibos/245/pdf [32m200[0m 70.572 ms - 31508[0m
[0mGET /api/sms-gateway/summary?companyId=36 [36m304[0m 93.603 ms - -[0m
[0mGET /api/cash-registers/portal-alert [36m304[0m 101.435 ms - -[0m
[0mGET /api/recibos/245/pdf [36m304[0m 1016.418 ms - -[0m
[0mGET /api/sms-gateway/summary?companyId=36 [36m304[0m 68.823 ms - -[0m
[0mGET /api/cash-registers/portal-alert [36m304[0m 43.920 ms - -[0m
[0mGET /api/sms-gateway/summary?companyId=36 [36m304[0m 96.427 ms - -[0m
[0mGET /api/cash-registers/portal-alert [36m304[0m 3.774 ms - -[0m
[0mPOST /api/auth/refresh [32m200[0m 2.394 ms - 167[0m
[0mGET /api/sms-gateway/summary?companyId=36 [36m304[0m 43.862 ms - -[0m
[0mGET /api/cash-registers/portal-alert [36m304[0m 39.752 ms - -[0m
[0mGET /api/sms-gateway/summary?companyId=36 [36m304[0m 56.628 ms - -[0m
[0mGET /api/cash-registers/portal-alert [36m304[0m 3.855 ms - -[0m
[0mGET /api/sms-gateway/summary?companyId=36 [36m304[0m 55.858 ms - -[0m
[0mGET /api/cash-registers/portal-alert [36m304[0m 35.555 ms - -[0m
[0mGET /api/sms-gateway/summary?companyId=36 [36m304[0m 65.102 ms - -[0m
[0mGET /api/cash-registers/portal-alert [36m304[0m 84.225 ms - -[0m
[0mGET /api/sms-gateway/summary?companyId=36 [36m304[0m 25.286 ms - -[0m
[0mGET /api/cash-registers/portal-alert [36m304[0m 6.341 ms - -[0m
[0mGET /api/sms-gateway/summary?companyId=36 [36m304[0m 28.470 ms - -[0m
[0mGET /api/cash-registers/portal-alert [36m304[0m 11.850 ms - -[0m
[0mGET /api/sms-gateway/summary?companyId=36 [36m304[0m 147.078 ms - -[0m
[0mGET /api/cash-registers/portal-alert [36m304[0m 17.308 ms - -[0m
[0mGET /api/sms-gateway/summary?companyId=36 [36m304[0m 87.033 ms - -[0m
[0mGET /api/cash-registers/portal-alert [36m304[0m 23.442 ms - -[0m
[0mGET /api/sms-gateway/summary?companyId=36 [36m304[0m 44.354 ms - -[0m
[0mGET /api/cash-registers/portal-alert [36m304[0m 3.617 ms - -[0m
[0mGET /api/sms-gateway/summary?companyId=36 [36m304[0m 15.527 ms - -[0m
[0mGET /api/cash-registers/portal-alert [36m304[0m 8.349 ms - -[0m
[0mGET /api/customer/106 [33m401[0m 0.230 ms - 48[0m
[0mPOST /api/logs [32m200[0m 279.683 ms - 51[0m
[SMS] Alertas automáticos enfileirados para 3 empresa(s)
[SMS Cobranca] Job diario: 0 enfileirado(s), 0 ignorado(s) em 3 empresa(s)
[SMS] Alertas automáticos enfileirados para 3 empresa(s)
[SMS] Alertas automáticos enfileirados para 3 empresa(s)
[SMS] Alertas automáticos enfileirados para 3 empresa(s)
[SMS Cobranca] Job diario: 0 enfileirado(s), 0 ignorado(s) em 3 empresa(s)
[SMS] Alertas automáticos enfileirados para 3 empresa(s)
[SMS] Alertas automáticos enfileirados para 3 empresa(s)
